16:56:15 **** Build of configuration Debug for project Exercise2 ****
make -j8 all 
arm-none-eabi-gcc -mcpu=cortex-m4 -g3 -DDEBUG -c -x assembler-with-cpp -MMD -MP -MF"Core/Startup/startup_stm32f429zitx.d" -MT"Core/Startup/startup_stm32f429zitx.o" --specs=nano.specs -mfpu=fpv4-sp-d16 -mfloat-abi=hard -mthumb -o "Core/Startup/startup_stm32f429zitx.o" "../Core/Startup/startup_stm32f429zitx.s"
arm-none-eabi-gcc -o "Exercise2.elf" @"objects.list"   -mcpu=cortex-m4 -T"/home/ubuntu/Desktop/MSc in Embedded Systems/2. Programación de Microcontroladores (PdM)/PdM_VAZQUEZ_workspace/Exercise2/STM32F429ZITX_FLASH.ld" --specs=nosys.specs -Wl,-Map="Exercise2.map" -Wl,--gc-sections -static --specs=nano.specs -mfpu=fpv4-sp-d16 -mfloat-abi=hard -mthumb -Wl,--start-group -lc -lm -Wl,--end-group
Finished building target: Exercise2.elf
 
arm-none-eabi-size  Exercise2.elf 
arm-none-eabi-objdump -h -S Exercise2.elf  > "Exercise2.list"
   text	   data	    bss	    dec	    hex	filename
   5932	     12	   1572	   7516	   1d5c	Exercise2.elf
Finished building: default.size.stdout
 
Finished building: Exercise2.list
 

16:56:19 Build Finished. 0 errors, 0 warnings. (took 3s.439ms)

