23:43:37 **** Incremental Build of configuration Debug for project Exercise3 ****
make -j8 all 
arm-none-eabi-gcc "../Drivers/API/Src/API_delay.c" -mcpu=cortex-m4 -std=gnu11 -g3 -DDEBUG -DUSE_HAL_DRIVER -DSTM32F429xx -c -I../Core/Inc -I../Drivers/STM32F4xx_HAL_Driver/Inc -I../Drivers/STM32F4xx_HAL_Driver/Inc/Legacy -I../Drivers/CMSIS/Device/ST/STM32F4xx/Include -I../Drivers/CMSIS/Include -I"/home/ubuntu/Desktop/MSc in Embedded Systems/2. Programación de Microcontroladores (PdM)/PdM_VAZQUEZ_workspace/Exercise3/Drivers/API/Inc" -O0 -ffunction-sections -fdata-sections -Wall -fstack-usage -fcyclomatic-complexity -MMD -MP -MF"Drivers/API/Src/API_delay.d" -MT"Drivers/API/Src/API_delay.o" --specs=nano.specs -mfpu=fpv4-sp-d16 -mfloat-abi=hard -mthumb -o "Drivers/API/Src/API_delay.o"
arm-none-eabi-gcc "../Core/Src/main.c" -mcpu=cortex-m4 -std=gnu11 -g3 -DDEBUG -DUSE_HAL_DRIVER -DSTM32F429xx -c -I../Core/Inc -I../Drivers/STM32F4xx_HAL_Driver/Inc -I../Drivers/STM32F4xx_HAL_Driver/Inc/Legacy -I../Drivers/CMSIS/Device/ST/STM32F4xx/Include -I../Drivers/CMSIS/Include -I"/home/ubuntu/Desktop/MSc in Embedded Systems/2. Programación de Microcontroladores (PdM)/PdM_VAZQUEZ_workspace/Exercise3/Drivers/API/Inc" -O0 -ffunction-sections -fdata-sections -Wall -fstack-usage -fcyclomatic-complexity -MMD -MP -MF"Core/Src/main.d" -MT"Core/Src/main.o" --specs=nano.specs -mfpu=fpv4-sp-d16 -mfloat-abi=hard -mthumb -o "Core/Src/main.o"
../Drivers/API/Src/API_delay.c: In function 'delayInit':
../Drivers/API/Src/API_delay.c:18:35: warning: 'return' with a value, in function returning void [-Wreturn-type]
   18 |         if (delay == NULL) return false;
      |                                   ^~~~~
../Drivers/API/Src/API_delay.c:16:6: note: declared here
   16 | void delayInit(delay_t *delay, tick_t duration) {
      |      ^~~~~~~~~
../Drivers/API/Src/API_delay.c: In function 'delayWrite':
../Drivers/API/Src/API_delay.c:72:35: warning: 'return' with a value, in function returning void [-Wreturn-type]
   72 |         if (delay == NULL) return false;
      |                                   ^~~~~
../Drivers/API/Src/API_delay.c:70:6: note: declared here
   70 | void delayWrite(delay_t *delay, tick_t duration) {
      |      ^~~~~~~~~~
../Core/Src/main.c: In function 'main':
../Core/Src/main.c:46:16: warning: implicit declaration of function 'delayIsRunning' [-Wimplicit-function-declaration]
   46 |           if (!delayIsRunning(&ledDelay)) {
      |                ^~~~~~~~~~~~~~
arm-none-eabi-gcc -o "Exercise3.elf" @"objects.list"   -mcpu=cortex-m4 -T"/home/ubuntu/Desktop/MSc in Embedded Systems/2. Programación de Microcontroladores (PdM)/PdM_VAZQUEZ_workspace/Exercise3/STM32F429ZITX_FLASH.ld" --specs=nosys.specs -Wl,-Map="Exercise3.map" -Wl,--gc-sections -static --specs=nano.specs -mfpu=fpv4-sp-d16 -mfloat-abi=hard -mthumb -Wl,--start-group -lc -lm -Wl,--end-group
Finished building target: Exercise3.elf
 
arm-none-eabi-size  Exercise3.elf 
arm-none-eabi-objdump -h -S Exercise3.elf  > "Exercise3.list"
   text	   data	    bss	    dec	    hex	filename
   6092	     12	   1572	   7676	   1dfc	Exercise3.elf
Finished building: default.size.stdout
 
Finished building: Exercise3.list
 

23:43:38 Build Finished. 0 errors, 3 warnings. (took 1s.340ms)

