22:46:58 **** Build of configuration Debug for project Exercise4 ****
make -j8 all 
arm-none-eabi-gcc -o "Exercise4.elf" @"objects.list"   -mcpu=cortex-m4 -T"/home/ubuntu/Desktop/MSc in Embedded Systems/2. Programación de Microcontroladores (PdM)/PdM_VAZQUEZ_workspace/Exercise4/STM32F429ZITX_FLASH.ld" --specs=nosys.specs -Wl,-Map="Exercise4.map" -Wl,--gc-sections -static --specs=nano.specs -mfpu=fpv4-sp-d16 -mfloat-abi=hard -mthumb -Wl,--start-group -lc -lm -Wl,--end-group
Finished building target: Exercise4.elf
 
arm-none-eabi-size  Exercise4.elf 
arm-none-eabi-objdump -h -S Exercise4.elf  > "Exercise4.list"
   text	   data	    bss	    dec	    hex	filename
   7156	     28	   1572	   8756	   2234	Exercise4.elf
Finished building: default.size.stdout
 
Finished building: Exercise4.list
 

22:46:59 Build Finished. 0 errors, 0 warnings. (took 1s.231ms)

