20:01:55 **** Incremental Build of configuration Debug for project Exercise2 ****
make -j8 all 
arm-none-eabi-size  Exercise2.elf 
   text	   data	    bss	    dec	    hex	filename
   5932	     12	   1572	   7516	   1d5c	Exercise2.elf
Finished building: default.size.stdout
 
20:02:21 **** Incremental Build of configuration Debug for project Exercise2 ****
make -j8 all 
arm-none-eabi-size  Exercise2.elf 
   text	   data	    bss	    dec	    hex	filename
   5932	     12	   1572	   7516	   1d5c	Exercise2.elf
Finished building: default.size.stdout
 
20:02:44 **** Incremental Build of configuration Debug for project Exercise2 ****
make -j8 all 
arm-none-eabi-size  Exercise2.elf 
   text	   data	    bss	    dec	    hex	filename
   5932	     12	   1572	   7516	   1d5c	Exercise2.elf
Finished building: default.size.stdout
 
20:02:48 **** Incremental Build of configuration Debug for project Exercise2 ****
make -j8 all 
arm-none-eabi-size  Exercise2.elf 
   text	   data	    bss	    dec	    hex	filename
   5932	     12	   1572	   7516	   1d5c	Exercise2.elf
Finished building: default.size.stdout
 
